#-----------------------------------------------------------
# Vivado v2020.2 (64-bit)
# SW Build 3064766 on Wed Nov 18 09:12:45 MST 2020
# IP Build 3064653 on Wed Nov 18 14:17:31 MST 2020
# Start of session at: Tue Jun  4 21:05:10 2024
# Process ID: 22176
# Current directory: D:/Vivado/NCKH/asc
# Command line: vivado.exe -gui_launcher_event rodinguilauncherevent13252 D:\Vivado\NCKH\asc\asc.xpr
# Log file: D:/Vivado/NCKH/asc/vivado.log
# Journal file: D:/Vivado/NCKH/asc\vivado.jou
#-----------------------------------------------------------
start_gui
open_project D:/Vivado/NCKH/asc/asc.xpr
launch_simulation
source ascon_update_tb.tcl
update_compile_order -fileset sources_1
current_wave_config {Untitled 1}
add_wave {{/ascon_update_tb/uut}} 
relaunch_sim
run 10 us
run 10 us
relaunch_sim
run 10 us
run 10 us
relaunch_sim
run 10 us
reset_run synth_1
launch_runs synth_1 -jobs 8
wait_on_run synth_1
open_run synth_1 -name synth_1
launch_simulation -mode post-synthesis -type timing
source ascon_update_tb.tcl
run 10 us
run 10 us
run 10 us
run 10 us
run 10 us
relaunch_sim
current_sim simulation_1
close_sim
launch_simulation
source ascon_update_tb.tcl
run 10 us
run 10 us
reset_run synth_1
launch_runs synth_1 -jobs 8
wait_on_run synth_1
close_design
open_run synth_1 -name synth_1
relaunch_sim
current_sim simulation_2
close_sim
launch_simulation -mode post-synthesis -type timing
source ascon_update_tb.tcl
run 10 us
run 10 us
current_sim simulation_3
close_sim
launch_simulation
source ascon_update_tb.tcl
run 10 us
reset_run synth_1
launch_runs synth_1 -jobs 8
wait_on_run synth_1
close_design
open_run synth_1 -name synth_1
