#-----------------------------------------------------------
# Vivado v2020.2 (64-bit)
# SW Build 3064766 on Wed Nov 18 09:12:45 MST 2020
# IP Build 3064653 on Wed Nov 18 14:17:31 MST 2020
# Start of session at: Wed Mar 20 17:09:37 2024
# Process ID: 18064
# Current directory: D:/Vivado/NCKH/ascon_test
# Command line: vivado.exe -gui_launcher_event rodinguilauncherevent7984 D:\Vivado\NCKH\ascon_test\ascon_test.xpr
# Log file: D:/Vivado/NCKH/ascon_test/vivado.log
# Journal file: D:/Vivado/NCKH/ascon_test\vivado.jou
#-----------------------------------------------------------
start_gui
open_project D:/Vivado/NCKH/ascon_test/ascon_test.xpr
update_compile_order -fileset sources_1
open_run synth_1 -name synth_1
# Disabling source management mode.  This is to allow the top design properties to be set without GUI intervention.
set_property source_mgmt_mode None [current_project]
set_property top control_tb [get_filesets sim_1]
set_property top_lib xil_defaultlib [get_filesets sim_1]
# Re-enabling previously disabled source management mode.
set_property source_mgmt_mode All [current_project]
update_compile_order -fileset sim_1
launch_simulation
source control_tb.tcl
current_wave_config {Untitled 1}
add_wave {{/control_tb}} 
current_wave_config {Untitled 1}
add_wave {{/control_tb/uut}} 
relaunch_sim
# Disabling source management mode.  This is to allow the top design properties to be set without GUI intervention.
set_property source_mgmt_mode None [current_project]
set_property top ascon_update_tb [get_filesets sim_1]
set_property top_lib xil_defaultlib [get_filesets sim_1]
# Re-enabling previously disabled source management mode.
set_property source_mgmt_mode All [current_project]
update_compile_order -fileset sim_1
launch_simulation
close_sim
launch_simulation
source ascon_update_tb.tcl
run 10 us
run 10 us
current_wave_config {Untitled 2}
add_wave {{/ascon_update_tb/uut}} 
relaunch_sim
run 10 us
run 10 us
run 10 us
# Disabling source management mode.  This is to allow the top design properties to be set without GUI intervention.
set_property source_mgmt_mode None [current_project]
set_property top control_tb [get_filesets sim_1]
set_property top_lib xil_defaultlib [get_filesets sim_1]
# Re-enabling previously disabled source management mode.
set_property source_mgmt_mode All [current_project]
update_compile_order -fileset sim_1
launch_simulation
close_sim
launch_simulation
source control_tb.tcl
run 10 us
run 10 us
current_wave_config {Untitled 3}
add_wave {{/control_tb/uut}} 
relaunch_sim
# Disabling source management mode.  This is to allow the top design properties to be set without GUI intervention.
set_property source_mgmt_mode None [current_project]
set_property top ascon_update_tb [get_filesets sim_1]
set_property top_lib xil_defaultlib [get_filesets sim_1]
# Re-enabling previously disabled source management mode.
set_property source_mgmt_mode All [current_project]
update_compile_order -fileset sim_1
close_sim
launch_simulation
source ascon_update_tb.tcl
update_compile_order -fileset sources_1
current_wave_config {Untitled 4}
add_wave {{/ascon_update_tb/uut}} 
update_compile_order -fileset sources_1
close_sim
launch_simulation
source ascon_update_tb.tcl
current_wave_config {Untitled 5}
add_wave {{/ascon_update_tb/uut}} 
run 10 us
relaunch_sim
relaunch_sim
relaunch_sim
close_sim
launch_simulation
source ascon_update_tb.tcl
run 10 us
run 10 us
current_wave_config {Untitled 6}
add_wave {{/ascon_update_tb/uut}} 
relaunch_sim
relaunch_sim
relaunch_sim
relaunch_sim
relaunch_sim
# Disabling source management mode.  This is to allow the top design properties to be set without GUI intervention.
set_property source_mgmt_mode None [current_project]
set_property top control_tb [get_filesets sim_1]
set_property top_lib xil_defaultlib [get_filesets sim_1]
# Re-enabling previously disabled source management mode.
set_property source_mgmt_mode All [current_project]
close_sim
update_compile_order -fileset sim_1
launch_simulation
source control_tb.tcl
current_wave_config {Untitled 7}
add_wave {{/control_tb/uut}} 
relaunch_sim
run 10 us
run 10 us
# Disabling source management mode.  This is to allow the top design properties to be set without GUI intervention.
set_property source_mgmt_mode None [current_project]
set_property top ascon_update_tb [get_filesets sim_1]
set_property top_lib xil_defaultlib [get_filesets sim_1]
# Re-enabling previously disabled source management mode.
set_property source_mgmt_mode All [current_project]
close_sim
update_compile_order -fileset sim_1
launch_simulation
source ascon_update_tb.tcl
current_wave_config {Untitled 8}
add_wave {{/ascon_update_tb/uut}} 
relaunch_sim
run 10 us
relaunch_sim
run 10 us
run 10 us
relaunch_sim
relaunch_sim
run 10 us
run 10 us
relaunch_sim
relaunch_sim
relaunch_sim
run 10 us
run 10 us
relaunch_sim
relaunch_sim
run 10 us
run 10 us
relaunch_sim
run 10 us
run 10 us
relaunch_sim
run 10 us
run 10 us
# Disabling source management mode.  This is to allow the top design properties to be set without GUI intervention.
set_property source_mgmt_mode None [current_project]
set_property top ascon_update [current_fileset]
# Re-enabling previously disabled source management mode.
set_property source_mgmt_mode All [current_project]
update_compile_order -fileset sources_1
reset_run synth_1
launch_runs synth_1 -jobs 8
wait_on_run synth_1
close_design
open_run synth_1 -name synth_1
reset_run synth_1
launch_runs synth_1 -jobs 8
wait_on_run synth_1
close_design
open_run synth_1 -name synth_1
close_sim
launch_simulation
launch_simulation
source ascon_update_tb.tcl
current_wave_config {Untitled 9}
add_wave {{/ascon_update_tb/uut}} 
relaunch_sim
run 10 us
run 10 us
relaunch_sim
run 10 us
run 10 us
relaunch_sim
relaunch_sim
run 10 us
run 10 us
relaunch_sim
run 10 us
run 10 us
relaunch_sim
relaunch_sim
run 10 us
run 10 us
relaunch_sim
relaunch_sim
close_sim
launch_simulation
launch_simulation
source ascon_update_tb.tcl
current_wave_config {Untitled 10}
add_wave {{/ascon_update_tb/uut}} 
relaunch_sim
run 10 us
run 10 us
relaunch_sim
relaunch_sim
relaunch_sim
relaunch_sim
run 10 us
run 10 us
relaunch_sim
relaunch_sim
run 10 us
run 10 us
relaunch_sim
run 10 us
run 10 us
reset_run synth_1
launch_runs synth_1 -jobs 8
wait_on_run synth_1
close_design
open_run synth_1 -name synth_1
relaunch_sim
run 10 us
run 10 us
relaunch_sim
run 10 us
run 10 us
# Disabling source management mode.  This is to allow the top design properties to be set without GUI intervention.
set_property source_mgmt_mode None [current_project]
set_property top substitution_tb [get_filesets sim_1]
set_property top_lib xil_defaultlib [get_filesets sim_1]
# Re-enabling previously disabled source management mode.
set_property source_mgmt_mode All [current_project]
update_compile_order -fileset sim_1
close_sim
launch_simulation
source substitution_tb.tcl
close_sim
launch_simulation
source substitution_tb.tcl
# Disabling source management mode.  This is to allow the top design properties to be set without GUI intervention.
set_property source_mgmt_mode None [current_project]
set_property top ascon_update_tb [get_filesets sim_1]
set_property top_lib xil_defaultlib [get_filesets sim_1]
# Re-enabling previously disabled source management mode.
set_property source_mgmt_mode All [current_project]
update_compile_order -fileset sim_1
launch_simulation
close_sim
launch_simulation
source ascon_update_tb.tcl
current_wave_config {Untitled 13}
add_wave {{/ascon_update_tb/uut}} 
relaunch_sim
run 10 us
run 10 us
reset_run synth_1
launch_runs synth_1 -jobs 8
wait_on_run synth_1
close_design
open_run synth_1 -name synth_1
relaunch_sim
run 10 us
run 10 us
relaunch_sim
run 10 us
run 10 us
reset_run synth_1
launch_runs synth_1 -jobs 8
wait_on_run synth_1
close_design
open_run synth_1 -name synth_1
relaunch_sim
run 10 us
run 10 us
relaunch_sim
run 10 us
run 10 us
relaunch_sim
relaunch_sim
run 10 us
run 10 us
# Disabling source management mode.  This is to allow the top design properties to be set without GUI intervention.
set_property source_mgmt_mode None [current_project]
set_property top control_tb [get_filesets sim_1]
set_property top_lib xil_defaultlib [get_filesets sim_1]
# Re-enabling previously disabled source management mode.
set_property source_mgmt_mode All [current_project]
update_compile_order -fileset sim_1
launch_simulation
close_sim
launch_simulation
source control_tb.tcl
current_wave_config {Untitled 14}
add_wave {{/control_tb/uut}} 
relaunch_sim
run 10 us
run 10 us
relaunch_sim
run 10 us
run 10 us
# Disabling source management mode.  This is to allow the top design properties to be set without GUI intervention.
set_property source_mgmt_mode None [current_project]
set_property top ascon_update_tb [get_filesets sim_1]
set_property top_lib xil_defaultlib [get_filesets sim_1]
# Re-enabling previously disabled source management mode.
set_property source_mgmt_mode All [current_project]
update_compile_order -fileset sim_1
close_sim
launch_simulation
source ascon_update_tb.tcl
current_wave_config {}
add_wave {{/ascon_update_tb/uut}} 
relaunch_sim
run 10 us
run 10 us
relaunch_sim
run 10 us
run 10 us
close_sim
